I'm sorry, but errors were detected in your script. Please correct the
errors listed below, and try again.


File "game/screens.rpy", line 321: vbox expects a non-empty block.
    else:
         ^

Ren'Py Version: Ren'Py 8.3.4.24120703
Thu Mar 13 07:18:39 2025
